Microchip MPLAB XC8 Compiler V1.45 ()

Linker command line:

-W-3 --edf=C:\Program Files (x86)\Microchip\xc8\v1.45\dat\en_msgs.txt -cs \
  -h+dist/default/production\ESP8266.X.production.sym \
  --cmf=dist/default/production\ESP8266.X.production.cmf -z -Q18F45K22 \
  -oC:\Users\M93z\AppData\Local\Temp\s5ks.2 \
  -Mdist/default/production/ESP8266.X.production.map -E1 -ver=XC8 \
  -ASTACK=0260h-05ffh -pstack=STACK -ACODE=00h-07F36h -ACONST=00h-07F36h \
  -ASMALLCONST=0600h-06FFhx121,07F00h-07F36h -AMEDIUMCONST=0600h-07F36h \
  -ACOMRAM=01h-05Fh -AABS1=00h-05FFh -ABIGRAM=01h-05FFh \
  -ARAM=060h-0FFh,0100h-01FFhx5 -ABANK0=060h-0FFh -ABANK1=0100h-01FFh \
  -ABANK2=0200h-02FFh -ABANK3=0300h-03FFh -ABANK4=0400h-04FFh \
  -ABANK5=0500h-05FFh -ASFR=0F38h-0F5Fh,0F60h-0FFFh \
  -preset_vec=00h,intcode=08h,intcodelo,powerup,init -pramtop=0600h \
  -psmallconst=SMALLCONST -pmediumconst=MEDIUMCONST -pconst=CONST \
  -AFARRAM=00h-00h -ACONFIG=0300000h-030000Dh -pconfig=CONFIG \
  -AIDLOC=0200000h-0200007h -pidloc=IDLOC -AEEDATA=0F00000h-0F000FFh \
  -peeprom_data=EEDATA \
  -prdata=COMRAM,nvrram=COMRAM,nvbit=COMRAM,rbss=COMRAM,rbit=COMRAM \
  -pfarbss=FARRAM,fardata=FARRAM,nvFARRAM=FARRAM \
  -pintsave_regs=BIGRAM,bigbss=BIGRAM,bigdata=BIGRAM -pbss=RAM \
  -pidata=CODE,irdata=CODE,ibigdata=CODE,ifardata=CODE -prparam=COMRAM \
  C:\Users\M93z\AppData\Local\Temp\s5ks.obj \
  dist/default/production\ESP8266.X.production.obj 

Object code version is 3.11

Machine type is 18F45K22

Call graph: (short form)




                Name                               Link     Load   Length Selector   Space Scale
C:\Users\M93z\AppData\Local\Temp\s5ks.obj
                init                                2C8      2C8        4        4       0
                reset_vec                             0        0        4        0       0
                idloc                            200000   200000        8   200000       0
                config                           300000   300000        E   300000       0
dist/default/production\ESP8266.X.production.obj
                intcode                               8        8      2C0        4       0
                temp                                 49       49        1        1       1
                mediumconst                        7DC4     7DC4      172     3EE2       0
                text33                              EBC      EBC       84        4       0
                text32                             153E     153E        4      A89       0
                text31                             1350     1350       3C        4       0
                text30                             1314     1314       3C        4       0
                text29                             1414     1414       2C        4       0
                text28                             1282     1282       4E        4       0
                text27                             107E     107E       5E        4       0
                text26                             1234     1234       4E        4       0
                text25                             1020     1020       5E        4       0
                text24                             14DE     14DE       1A        4       0
                text23                             11E2     11E2       52        4       0
                text22                             12D0     12D0       44        4       0
                text21                              A9E      A9E      128        4       0
                text20                             1138     1138       58        4       0
                text19                             138C     138C       30        4       0
                text18                             1190     1190       52        4       0
                text17                             13E8     13E8       2C        4       0
                text16                              E38      E38       84        4       0
                text15                              FBE      FBE       62        4       0
                text14                              CE0      CE0       C6        4       0
                text13                             153A     153A        4      A89       0
                text12                             13BC     13BC       2C        4       0
                text11                              DA6      DA6       92        4       0
                text10                             1494     1494       28        4       0
                text9                               BC6      BC6      11A        4       0
                text8                              146A     146A       2A        4       0
                text7                              1440     1440       2A        4       0
                text6                               860      860      23E        4       0
                text5                              14BC     14BC       22        4       0
                text4                               2CC      2CC      594        4       0
                text3                              10DC     10DC       5C        4       0
                text2                              152A     152A        C      A89       0
                text1                              1542     1542        2      A89       0
                text0                              1512     1512       18      A89       0
                cstackCOMRAM                         27       27       1E        1       1
                cstackBANK0                          FA       FA        6       60       1
                cstackBANK1                         1E5      1E5       12      100       1
                bssBANK2                            200      200       60      200       1
                bssBANK1                            100      100       E5      100       1
                dataBANK0                            E1       E1       19       60       1
                bssBANK0                             60       60       81       60       1
                dataCOMRAM                           45       45        4        1       1
                bssCOMRAM                             1        1       26        1       1
                cinit                               F40      F40       7E        4       0
                idataBANK0                         14F8     14F8       19        4       0
                idataCOMRAM                        1536     1536        4      A89       0

TOTAL           Name                               Link     Load   Length     Space
        CLASS   STACK          

        CLASS   CODE           
                intcode                               8        8      2C0         0
                init                                2C8      2C8        4         0
                reset_vec                             0        0        4         0
                text33                              EBC      EBC       84         0
                text32                             153E     153E        4         0
                text31                             1350     1350       3C         0
                text30                             1314     1314       3C         0
                text29                             1414     1414       2C         0
                text28                             1282     1282       4E         0
                text27                             107E     107E       5E         0
                text26                             1234     1234       4E         0
                text25                             1020     1020       5E         0
                text24                             14DE     14DE       1A         0
                text23                             11E2     11E2       52         0
                text22                             12D0     12D0       44         0
                text21                              A9E      A9E      128         0
                text20                             1138     1138       58         0
                text19                             138C     138C       30         0
                text18                             1190     1190       52         0
                text17                             13E8     13E8       2C         0
                text16                              E38      E38       84         0
                text15                              FBE      FBE       62         0
                text14                              CE0      CE0       C6         0
                text13                             153A     153A        4         0
                text12                             13BC     13BC       2C         0
                text11                              DA6      DA6       92         0
                text10                             1494     1494       28         0
                text9                               BC6      BC6      11A         0
                text8                              146A     146A       2A         0
                text7                              1440     1440       2A         0
                text6                               860      860      23E         0
                text5                              14BC     14BC       22         0
                text4                               2CC      2CC      594         0
                text3                              10DC     10DC       5C         0
                text2                              152A     152A        C         0
                text1                              1542     1542        2         0
                text0                              1512     1512       18         0
                cinit                               F40      F40       7E         0
                idataBANK0                         14F8     14F8       19         0
                idataCOMRAM                        1536     1536        4         0

        CLASS   CONST          

        CLASS   SMALLCONST     

        CLASS   MEDIUMCONST    
                mediumconst                        7DC4     7DC4      172         0

        CLASS   COMRAM         
                temp                                 49       49        1         1
                cstackCOMRAM                         27       27       1E         1
                dataCOMRAM                           45       45        4         1
                bssCOMRAM                             1        1       26         1

        CLASS   ABS1           

        CLASS   BIGRAM         

        CLASS   RAM            

        CLASS   BANK0          
                cstackBANK0                          FA       FA        6         1
                dataBANK0                            E1       E1       19         1
                bssBANK0                             60       60       81         1

        CLASS   BANK1          
                cstackBANK1                         1E5      1E5       12         1
                bssBANK1                            100      100       E5         1

        CLASS   BANK2          
                bssBANK2                            200      200       60         1

        CLASS   BANK3          

        CLASS   BANK4          

        CLASS   BANK5          

        CLASS   SFR            

        CLASS   FARRAM         

        CLASS   CONFIG         
                config                           300000   300000        E         0

        CLASS   IDLOC          
                idloc                            200000   200000        8         0

        CLASS   EEDATA         



SEGMENTS        Name                           Load    Length   Top    Selector   Space  Class

                reset_vec                      000000  000004  000004         0       0  CODE    
                bssCOMRAM                      000001  000049  00004A         1       1  COMRAM  
                intcode                        000008  001509  001511         4       0  CODE    
                bssBANK0                       000060  0000A0  000100        60       1  BANK0   
                bssBANK1                       000100  0000F7  0001F7       100       1  BANK1   
                bssBANK2                       000200  000060  000260       200       1  BANK2   
                text0                          001512  000032  001544       A89       0  CODE    
                mediumconst                    007DC4  000172  007F36      3EE2       0  MEDIUMCO
                idloc                          200000  000008  200008    200000       0  IDLOC   
                config                         300000  00000E  30000E    300000       0  CONFIG  


UNUSED ADDRESS RANGES

        Name                Unused          Largest block    Delta
        BANK1            0001F7-0001FF                9
        BANK2            000260-0002FF               A0
        BANK3            000300-0003FF              100
        BANK4            000400-0004FF              100
        BANK5            000500-0005FF              100
        BIGRAM           00004A-00005F               16
                         0001F7-0001FF                9
                         000260-0005FF              3A0
        CODE             000004-000007                4
                         001511-001511                1
                         001544-007DC3             6880
                         007F36-007F36                1
        COMRAM           00004A-00005F               16
        CONST            000004-000007                4
                         001511-001511                1
                         001544-007DC3             6880
                         007F36-007F36                1
        EEDATA           F00000-F000FF              100
        MEDIUMCONST      001511-001511                1
                         001544-007DC3             6880
                         007F36-007F36                1
        RAM              0001F7-0001FF                9
                         000260-0005FF              100
        SFR              000F38-000FFF               28
        SMALLCONST       001511-001511                1
                         001544-007DC3              100
                         007F36-007F36                1
        STACK            000260-0005FF              3A0

                                  Symbol Table

?___lldiv                      cstackCOMRAM 00003D
?___lwdiv                      cstackCOMRAM 00003D
?___lwmod                      cstackBANK0  0000FA
?_sprintf                      cstackBANK1  0001E5
?_strlen                       cstackCOMRAM 00003D
InterruptHandlerHigh@dd        cstackCOMRAM 00003A
InterruptHandlerHigh@i         cstackCOMRAM 00003C
Serial2_begin@speed            cstackBANK1  0001F0
Serial2_println@str            cstackCOMRAM 00003F
Serial2_putc@d                 cstackCOMRAM 00003E
Serial2_putc@p                 cstackCOMRAM 00003D
Serial2_read@d                 cstackCOMRAM 00003D
Serial_begin@speed             cstackBANK1  0001F0
Serial_println@str             cstackCOMRAM 00003F
Serial_putc@d                  cstackCOMRAM 00003E
Serial_putc@p                  cstackCOMRAM 00003D
Serial_read@d                  cstackCOMRAM 00003D
_ADCON0                        (abs)        000FC2
_ADCON0bits                    (abs)        000FC2
_ADCON1                        (abs)        000FC1
_ADCON2                        (abs)        000FC0
_ADRESH                        (abs)        000FC4
_ADRESL                        (abs)        000FC3
_ANSELA                        (abs)        000F38
_ANSELB                        (abs)        000F39
_ANSELC                        (abs)        000F3A
_ANSELD                        (abs)        000F3B
_ANSELE                        (abs)        000F3C
_AT                            mediumconst  007E55
_BAUDCON1bits                  (abs)        000FB8
_BAUDCON2bits                  (abs)        000F70
_CCP2CON                       (abs)        000F66
_CCP3CON                       (abs)        000F5D
_CCPR2H                        (abs)        000F68
_CCPR2L                        (abs)        000F67
_CCPR3H                        (abs)        000F5F
_CCPR3L                        (abs)        000F5E
_CCPTMRS0bits                  (abs)        000F49
_ECCP2AS                       (abs)        000F64
_ECCP3AS                       (abs)        000F5B
_Flags                         bssCOMRAM    000026
_HMSec                         dataCOMRAM   000048
_INTCONbits                    (abs)        000FF2
_InterruptHandlerHigh          intcode      000008
_LATA                          (abs)        000F89
_LATAbits                      (abs)        000F89
_LATB                          (abs)        000F8A
_LATBbits                      (abs)        000F8A
_LATC                          (abs)        000F8B
_LATCbits                      (abs)        000F8B
_LATD                          (abs)        000F8C
_LATDbits                      (abs)        000F8C
_LATE                          (abs)        000F8D
_LATEbits                      (abs)        000F8D
_OSCCON                        (abs)        000FD3
_OSCCON2                       (abs)        000FD2
_OSCTUNE                       (abs)        000F9B
_OneSec                        dataCOMRAM   000047
_PEIE                          (abs)        007F96
_PIE3bits                      (abs)        000FA3
_PIR1bits                      (abs)        000F9E
_PLLRDY                        (abs)        007E97
_PORTAbits                     (abs)        000F80
_PORTBbits                     (abs)        000F81
_PORTCbits                     (abs)        000F82
_PORTDbits                     (abs)        000F83
_PORTEbits                     (abs)        000F84
_PR2                           (abs)        000FBB
_PSTR2CON                      (abs)        000F63
_PSTR3CON                      (abs)        000F5A
_PWM2CON                       (abs)        000F65
_PWM3CON                       (abs)        000F5C
_RC2IE                         (abs)        007D1D
_RC2IF                         (abs)        007D25
_RC2IP                         (abs)        007D2D
_RCIE                          (abs)        007CED
_RCIF                          (abs)        007CF5
_RCIP                          (abs)        007CFD
_RCONbits                      (abs)        000FD0
_RCREG1                        (abs)        000FAE
_RCREG2                        (abs)        000F74
_RCSTA                         (abs)        000FAB
_RCSTA2                        (abs)        000F71
_SPBRG1                        (abs)        000FAF
_SPBRG2                        (abs)        000F75
_SPBRGH                        (abs)        000FB0
_SPBRGH2                       (abs)        000F76
_SSP1BUF                       (abs)        000FC9
_SSPADD                        (abs)        000FC8
_SSPCON1bits                   (abs)        000FC6
_SSPCON2                       (abs)        000FC5
_SSPCON2bits                   (abs)        000FC5
_SSPSTATbits                   (abs)        000FC7
_Serial2_available             text13       00153A
_Serial2_begin                 text8        00146A
_Serial2_println               text27       00107E
_Serial2_putc                  text28       001282
_Serial2_read                  text30       001314
_Serial_available              text32       00153E
_Serial_begin                  text7        001440
_Serial_println                text25       001020
_Serial_putc                   text26       001234
_Serial_read                   text31       001350
_T0CON                         (abs)        000FD5
_T2CON                         (abs)        000FBA
_T2CONbits                     (abs)        000FBA
_TMR0H                         (abs)        000FD7
_TMR0IE                        (abs)        007F95
_TMR0IF                        (abs)        007F92
_TMR0IP                        (abs)        007F8A
_TMR0L                         (abs)        000FD6
_TMR2                          (abs)        000FBC
_TRISAbits                     (abs)        000F92
_TRISBbits                     (abs)        000F93
_TRISCbits                     (abs)        000F94
_TRISDbits                     (abs)        000F95
_TRISEbits                     (abs)        000F96
_TX2IE                         (abs)        007D1C
_TX2IF                         (abs)        007D24
_TX2IP                         (abs)        007D2C
_TXIE                          (abs)        007CEC
_TXIF                          (abs)        007CF4
_TXIP                          (abs)        007CFC
_TXREG                         (abs)        000FAD
_TXREG2                        (abs)        000F73
_TXSTA                         (abs)        000FAC
_TXSTA2                        (abs)        000F72
_Task1                         bssBANK0     0000A3
_Task2                         bssBANK0     0000A2
_Task3                         bssBANK0     0000A1
_Task4                         bssBANK0     0000A0
_Task5                         bssBANK0     00009F
_Task6                         bssBANK0     00009E
_Task7                         bssBANK0     00009D
_Task8                         bssBANK0     00009C
_TimerArray                    bssBANK0     000081
_TimerFlag                     bssCOMRAM    000017
_TmrRxd1                       bssCOMRAM    000023
_TmrRxd2                       bssCOMRAM    000022
_TmrSec                        dataCOMRAM   000046
_VREFCON0                      (abs)        000F42
__HRAM                         (abs)        000000
__Habs1                        abs1         000000
__Hbank0                       bank0        000000
__Hbank1                       bank1        000000
__Hbank2                       bank2        000000
__Hbank3                       bank3        000000
__Hbank4                       bank4        000000
__Hbank5                       bank5        000000
__Hbigbss                      bigbss       000000
__Hbigdata                     bigdata      000000
__Hbigram                      bigram       000000
__Hbss                         bss          000000
__HbssBANK0                    bssBANK0     000000
__HbssBANK1                    bssBANK1     000000
__HbssBANK2                    bssBANK2     000000
__HbssCOMRAM                   bssCOMRAM    000000
__Hcinit                       cinit        000000
__Hclrtext                     clrtext      000000
__Hcomram                      comram       000000
__Hconfig                      config       30000E
__Hconst                       const        000000
__HcstackBANK0                 cstackBANK0  000000
__HcstackBANK1                 cstackBANK1  000000
__HcstackCOMRAM                cstackCOMRAM 000000
__Hdata                        data         000000
__HdataBANK0                   dataBANK0    000000
__HdataCOMRAM                  dataCOMRAM   000000
__Heeprom_data                 eeprom_data  000000
__Hfarbss                      farbss       000000
__Hfardata                     fardata      000000
__Hibigdata                    ibigdata     000000
__Hidata                       idata        000000
__HidataBANK0                  idataBANK0   000000
__HidataCOMRAM                 idataCOMRAM  000000
__Hidloc                       idloc        200008
__Hifardata                    ifardata     000000
__Hinit                        init         0002CC
__Hintcode                     intcode      0002C8
__Hintcode_body                intcode_body 000000
__Hintcodelo                   intcodelo    0002C8
__Hintentry                    intentry     000000
__Hintret                      intret       000000
__Hintsave_regs                intsave_regs 000000
__Hirdata                      irdata       000000
__Hmediumconst                 mediumconst  007F36
__HnvFARRAM                    nvFARRAM     000000
__Hnvbit                       nvbit        000000
__Hnvrram                      nvrram       000000
__Hparam                       rparam       000000
__Hpowerup                     powerup      0002C8
__Hram                         ram          000000
__Hramtop                      ramtop       000600
__Hrbit                        rbit         000000
__Hrbss                        rbss         000000
__Hrdata                       rdata        000000
__Hreset_vec                   reset_vec    000004
__Hrparam                      rparam       000000
__Hsfr                         sfr          000000
__Hsmallconst                  smallconst   000000
__Hspace_0                     (abs)        30000E
__Hspace_1                     (abs)        000260
__Hspace_2                     (abs)        000000
__Hstack                       stack        000000
__Hstruct                      struct       000000
__Htemp                        temp         00004A
__Htext                        text         000000
__Htext0                       text0        000000
__Htext1                       text1        000000
__Htext10                      text10       000000
__Htext11                      text11       000000
__Htext12                      text12       000000
__Htext13                      text13       000000
__Htext14                      text14       000000
__Htext15                      text15       000000
__Htext16                      text16       000000
__Htext17                      text17       000000
__Htext18                      text18       000000
__Htext19                      text19       000000
__Htext2                       text2        000000
__Htext20                      text20       000000
__Htext21                      text21       000000
__Htext22                      text22       000000
__Htext23                      text23       000000
__Htext24                      text24       000000
__Htext25                      text25       000000
__Htext26                      text26       000000
__Htext27                      text27       000000
__Htext28                      text28       000000
__Htext29                      text29       000000
__Htext3                       text3        000000
__Htext30                      text30       000000
__Htext31                      text31       000000
__Htext32                      text32       000000
__Htext33                      text33       000000
__Htext4                       text4        000000
__Htext5                       text5        000000
__Htext6                       text6        000000
__Htext7                       text7        000000
__Htext8                       text8        000000
__Htext9                       text9        000000
__LRAM                         (abs)        000001
__Labs1                        abs1         000000
__Lbank0                       bank0        000000
__Lbank1                       bank1        000000
__Lbank2                       bank2        000000
__Lbank3                       bank3        000000
__Lbank4                       bank4        000000
__Lbank5                       bank5        000000
__Lbigbss                      bigbss       000000
__Lbigdata                     bigdata      000000
__Lbigram                      bigram       000000
__Lbss                         bss          000000
__LbssBANK0                    bssBANK0     000000
__LbssBANK1                    bssBANK1     000000
__LbssBANK2                    bssBANK2     000000
__LbssCOMRAM                   bssCOMRAM    000000
__Lcinit                       cinit        000000
__Lclrtext                     clrtext      000000
__Lcomram                      comram       000000
__Lconfig                      config       300000
__Lconst                       const        000000
__LcstackBANK0                 cstackBANK0  000000
__LcstackBANK1                 cstackBANK1  000000
__LcstackCOMRAM                cstackCOMRAM 000000
__Ldata                        data         000000
__LdataBANK0                   dataBANK0    000000
__LdataCOMRAM                  dataCOMRAM   000000
__Leeprom_data                 eeprom_data  000000
__Lfarbss                      farbss       000000
__Lfardata                     fardata      000000
__Libigdata                    ibigdata     000000
__Lidata                       idata        000000
__LidataBANK0                  idataBANK0   000000
__LidataCOMRAM                 idataCOMRAM  000000
__Lidloc                       idloc        200000
__Lifardata                    ifardata     000000
__Linit                        init         0002C8
__Lintcode                     intcode      000008
__Lintcode_body                intcode_body 000000
__Lintcodelo                   intcodelo    0002C8
__Lintentry                    intentry     000000
__Lintret                      intret       000000
__Lintsave_regs                intsave_regs 000000
__Lirdata                      irdata       000000
__Lmediumconst                 mediumconst  007DC4
__LnvFARRAM                    nvFARRAM     000000
__Lnvbit                       nvbit        000000
__Lnvrram                      nvrram       000000
__Lparam                       rparam       000000
__Lpowerup                     powerup      0002C8
__Lram                         ram          000000
__Lramtop                      ramtop       000600
__Lrbit                        rbit         000000
__Lrbss                        rbss         000000
__Lrdata                       rdata        000000
__Lreset_vec                   reset_vec    000000
__Lrparam                      rparam       000000
__Lsfr                         sfr          000000
__Lsmallconst                  smallconst   000000
__Lspace_0                     (abs)        000000
__Lspace_1                     (abs)        000000
__Lspace_2                     (abs)        000000
__Lstack                       stack        000000
__Lstruct                      struct       000000
__Ltemp                        temp         000049
__Ltext                        text         000000
__Ltext0                       text0        000000
__Ltext1                       text1        000000
__Ltext10                      text10       000000
__Ltext11                      text11       000000
__Ltext12                      text12       000000
__Ltext13                      text13       000000
__Ltext14                      text14       000000
__Ltext15                      text15       000000
__Ltext16                      text16       000000
__Ltext17                      text17       000000
__Ltext18                      text18       000000
__Ltext19                      text19       000000
__Ltext2                       text2        000000
__Ltext20                      text20       000000
__Ltext21                      text21       000000
__Ltext22                      text22       000000
__Ltext23                      text23       000000
__Ltext24                      text24       000000
__Ltext25                      text25       000000
__Ltext26                      text26       000000
__Ltext27                      text27       000000
__Ltext28                      text28       000000
__Ltext29                      text29       000000
__Ltext3                       text3        000000
__Ltext30                      text30       000000
__Ltext31                      text31       000000
__Ltext32                      text32       000000
__Ltext33                      text33       000000
__Ltext4                       text4        000000
__Ltext5                       text5        000000
__Ltext6                       text6        000000
__Ltext7                       text7        000000
__Ltext8                       text8        000000
__Ltext9                       text9        000000
__S0                           (abs)        30000E
__S1                           (abs)        000260
__S2                           (abs)        000000
___inthi_sp                    stack        000000
___intlo_sp                    stack        000000
___lldiv                       text16       000E38
___lldiv@counter               cstackBANK0  0000FE
___lldiv@dividend              cstackCOMRAM 00003D
___lldiv@divisor               cstackCOMRAM 000041
___lldiv@quotient              cstackBANK0  0000FA
___lwdiv                       text23       0011E2
___lwdiv@counter               cstackCOMRAM 000041
___lwdiv@dividend              cstackCOMRAM 00003D
___lwdiv@divisor               cstackCOMRAM 00003F
___lwdiv@quotient              cstackCOMRAM 000042
___lwmod                       text22       0012D0
___lwmod@counter               cstackCOMRAM 000044
___lwmod@dividend              cstackBANK0  0000FA
___lwmod@divisor               cstackBANK0  0000FC
___param_bank                  (abs)        000000
___rparam_used                 (abs)        000001
___sp                          stack        000000
__accesstop                    (abs)        000060
__activetblptr                 (abs)        000002
__end_of_AT                    mediumconst  007E59
__end_of_InterruptHandlerHigh  intcode      0002C8
__end_of_Serial2_available     text13       00153E
__end_of_Serial2_begin         text8        001494
__end_of_Serial2_println       text27       0010DC
__end_of_Serial2_putc          text28       0012D0
__end_of_Serial2_read          text30       001350
__end_of_Serial_available      text32       001542
__end_of_Serial_begin          text7        00146A
__end_of_Serial_println        text25       00107E
__end_of_Serial_putc           text26       001282
__end_of_Serial_read           text31       00138C
__end_of___lldiv               text16       000EBC
__end_of___lwdiv               text23       001234
__end_of___lwmod               text22       001314
__end_of__initialization       cinit        000FB0
__end_of_analogInput           text5        0014DE
__end_of_cipSend               text14       000DA6
__end_of_delay                 text29       001440
__end_of_digitalRead           text6        000A9E
__end_of_dpowers               mediumconst  007DCF
__end_of_esp8266_chk           text11       000E38
__end_of_esp8266_print         text24       0014F8
__end_of_init                  text33       000F40
__end_of_loop                  text10       0014BC
__end_of_mailFrom              mediumconst  007E55
__end_of_main                  text0        00152A
__end_of_pass64                mediumconst  007E00
__end_of_pinMode               text4        000860
__end_of_sendTo                mediumconst  007E31
__end_of_setup                 text3        001138
__end_of_sprintf               text21       000BC6
__end_of_strcat                text20       001190
__end_of_strcpy                text19       0013BC
__end_of_strlen                text18       0011E2
__end_of_subject               mediumconst  007E43
__end_of_sync                  text2        001536
__end_of_task                  text1        001544
__end_of_timerBusy             text17       001414
__end_of_timerSet              text15       001020
__end_of_timerUp               text12       0013E8
__end_of_uart_brg_set          text9        000CE0
__end_of_userID64              mediumconst  007E19
__initialization               cinit        000F40
__mediumconst                  mediumconst  007DC4
__pbssBANK0                    bssBANK0     000060
__pbssBANK1                    bssBANK1     000100
__pbssBANK2                    bssBANK2     000200
__pbssCOMRAM                   bssCOMRAM    000001
__pcinit                       cinit        000F40
__pcstackBANK0                 cstackBANK0  0000FA
__pcstackBANK1                 cstackBANK1  0001E5
__pcstackCOMRAM                cstackCOMRAM 000027
__pdataBANK0                   dataBANK0    0000E1
__pdataCOMRAM                  dataCOMRAM   000045
__pidataBANK0                  idataBANK0   0014F8
__pidataCOMRAM                 idataCOMRAM  001536
__pintcode                     intcode      000008
__pmediumconst                 mediumconst  007DC4
__ptext0                       text0        001512
__ptext1                       text1        001542
__ptext10                      text10       001494
__ptext11                      text11       000DA6
__ptext12                      text12       0013BC
__ptext13                      text13       00153A
__ptext14                      text14       000CE0
__ptext15                      text15       000FBE
__ptext16                      text16       000E38
__ptext17                      text17       0013E8
__ptext18                      text18       001190
__ptext19                      text19       00138C
__ptext2                       text2        00152A
__ptext20                      text20       001138
__ptext21                      text21       000A9E
__ptext22                      text22       0012D0
__ptext23                      text23       0011E2
__ptext24                      text24       0014DE
__ptext25                      text25       001020
__ptext26                      text26       001234
__ptext27                      text27       00107E
__ptext28                      text28       001282
__ptext29                      text29       001414
__ptext3                       text3        0010DC
__ptext30                      text30       001314
__ptext31                      text31       001350
__ptext32                      text32       00153E
__ptext33                      text33       000EBC
__ptext4                       text4        0002CC
__ptext5                       text5        0014BC
__ptext6                       text6        000860
__ptext7                       text7        001440
__ptext8                       text8        00146A
__ptext9                       text9        000BC6
__ramtop                       ramtop       000600
__size_of_InterruptHandlerHigh (abs)        000000
__size_of_Serial2_available    (abs)        000000
__size_of_Serial2_begin        (abs)        000000
__size_of_Serial2_println      (abs)        000000
__size_of_Serial2_putc         (abs)        000000
__size_of_Serial2_read         (abs)        000000
__size_of_Serial_available     (abs)        000000
__size_of_Serial_begin         (abs)        000000
__size_of_Serial_println       (abs)        000000
__size_of_Serial_putc          (abs)        000000
__size_of_Serial_read          (abs)        000000
__size_of___lldiv              (abs)        000000
__size_of___lwdiv              (abs)        000000
__size_of___lwmod              (abs)        000000
__size_of_analogInput          (abs)        000000
__size_of_cipSend              (abs)        000000
__size_of_delay                (abs)        000000
__size_of_digitalRead          (abs)        000000
__size_of_esp8266_chk          (abs)        000000
__size_of_esp8266_print        (abs)        000000
__size_of_init                 (abs)        000000
__size_of_loop                 (abs)        000000
__size_of_main                 (abs)        000000
__size_of_pinMode              (abs)        000000
__size_of_setup                (abs)        000000
__size_of_sprintf              (abs)        000000
__size_of_strcat               (abs)        000000
__size_of_strcpy               (abs)        000000
__size_of_strlen               (abs)        000000
__size_of_sync                 (abs)        000000
__size_of_task                 (abs)        000000
__size_of_timerBusy            (abs)        000000
__size_of_timerSet             (abs)        000000
__size_of_timerUp              (abs)        000000
__size_of_uart_brg_set         (abs)        000000
__smallconst                   smallconst   000000
_analogInput                   text5        0014BC
_buf                           bssBANK0     0000AF
_cc                            bssBANK0     0000AE
_chkBuf                        bssBANK1     000160
_cipSend                       text14       000CE0
_delay                         text29       001414
_digitalRead                   text6        000860
_dpowers                       mediumconst  007DC5
_esp8266_chk                   text11       000DA6
_esp8266_print                 text24       0014DE
_i2c_error_flag                bssBANK0     000095
_init                          text33       000EBC
_ip                            dataBANK0    0000E3
_keypad_col1                   bssCOMRAM    000015
_keypad_col2                   bssCOMRAM    000014
_keypad_col3                   bssCOMRAM    000013
_keypad_col4                   bssCOMRAM    000012
_keypad_mode                   bssCOMRAM    000016
_keypad_row1                   bssCOMRAM    000011
_keypad_row2                   bssCOMRAM    000010
_keypad_row3                   bssCOMRAM    00000F
_keypad_row4                   bssCOMRAM    00000E
_kstate                        bssCOMRAM    000025
_lcd_cols                      bssBANK0     000097
_lcd_d0                        bssCOMRAM    000009
_lcd_d1                        bssCOMRAM    000008
_lcd_d2                        bssCOMRAM    000007
_lcd_d3                        bssCOMRAM    000006
_lcd_d4                        bssCOMRAM    000005
_lcd_d5                        bssCOMRAM    000004
_lcd_d6                        bssCOMRAM    000003
_lcd_d7                        bssCOMRAM    000002
_lcd_disp                      dataCOMRAM   000045
_lcd_en                        bssCOMRAM    00000A
_lcd_mode                      bssCOMRAM    00000C
_lcd_rows                      bssBANK0     000096
_lcd_rs                        bssCOMRAM    00000B
_lcd_temp                      bssBANK0     000098
_loop                          text10       001494
_mailContent                   dataBANK0    0000EA
_mailFrom                      mediumconst  007E43
_main                          text0        001512
_pass                          dataBANK0    0000E5
_pass64                        mediumconst  007DCF
_pinMode                       text4        0002CC
_port                          dataBANK0    0000E1
_sendTo                        mediumconst  007E19
_setup                         text3        0010DC
_spi_mode                      bssCOMRAM    000001
_sprintf                       text21       000A9E
_ssid                          dataBANK0    0000E7
_strcat                        text20       001138
_strcpy                        text19       00138C
_strlen                        text18       001190
_subject                       mediumconst  007E31
_sync                          text2        00152A
_task                          text1        001542
_temp                          bssBANK1     0001B3
_timerBusy                     text17       0013E8
_timerSet                      text15       000FBE
_timerUp                       text12       0013BC
_uart1_cr_cnt                  bssBANK0     0000A9
_uart1_lf_cnt                  bssBANK0     0000A8
_uart1_rx_char                 bssCOMRAM    00001D
_uart1_rx_cnt                  bssCOMRAM    00001E
_uart1_rx_pos                  bssCOMRAM    00001F
_uart1_rx_ready                bssBANK0     0000A7
_uart1_rxbuf                   bssBANK1     000100
_uart1_tx_cnt                  bssCOMRAM    000020
_uart1_tx_pos                  bssCOMRAM    000021
_uart1_txbuf                   bssBANK0     000060
_uart2_cr_cnt                  bssBANK0     0000A6
_uart2_lf_cnt                  bssBANK0     0000A5
_uart2_rx_char                 bssCOMRAM    000018
_uart2_rx_cnt                  bssCOMRAM    000019
_uart2_rx_pos                  bssCOMRAM    00001A
_uart2_rx_ready                bssBANK0     0000A4
_uart2_rxbuf                   bssBANK2     000200
_uart2_tx_cnt                  bssCOMRAM    00001B
_uart2_tx_pos                  bssCOMRAM    00001C
_uart2_txbuf                   bssBANK1     000192
_uart_brg_set                  text9        000BC6
_userID64                      mediumconst  007E00
analogInput@ANx                cstackCOMRAM 00003F
analogInput@d                  cstackCOMRAM 000040
btemp                          temp         000049
cipSend@dd                     cstackBANK1  0001F2
cipSend@len                    cstackBANK1  0001F4
delay@i                        cstackCOMRAM 00003F
delay@ms                       cstackCOMRAM 00003D
digitalRead@di                 cstackCOMRAM 00003E
digitalRead@pin                cstackCOMRAM 00003D
end_of_initialization          cinit        000FB0
esp8266_chk@f                  bssCOMRAM    000024
esp8266_chk@fOld               dataBANK0    0000E9
esp8266_chk@loopHere           cstackBANK1  0001E9
esp8266_print@data             cstackCOMRAM 000041
init@i                         cstackCOMRAM 00003D
int$flags                      temp         000049
intlevel0                      text         000000
intlevel1                      text         000000
intlevel2                      text         000000
intlevel3                      text         000000
keypadRead@keyNew              bssCOMRAM    00000D
keypadRead@keyOld              bssBANK0     00009B
pinMode@mode                   cstackCOMRAM 000041
pinMode@pin                    cstackCOMRAM 000042
sprintf@ap                     cstackBANK1  0001EC
sprintf@c                      cstackBANK1  0001F1
sprintf@f                      cstackBANK1  0001E7
sprintf@flag                   cstackBANK1  0001EB
sprintf@prec                   cstackBANK1  0001F0
sprintf@sp                     cstackBANK1  0001E5
sprintf@val                    cstackBANK1  0001EE
stackhi                        (abs)        0005FF
stacklo                        (abs)        000260
start                          init         0002C8
start_initialization           cinit        000F40
strcat@cp                      cstackCOMRAM 000041
strcat@from                    cstackCOMRAM 00003F
strcat@to                      cstackCOMRAM 00003D
strcpy@cp                      cstackCOMRAM 000041
strcpy@from                    cstackCOMRAM 00003F
strcpy@to                      cstackCOMRAM 00003D
strlen@cp                      cstackCOMRAM 000041
strlen@s                       cstackCOMRAM 00003D
timerBusy@index                cstackCOMRAM 00003F
timerSet@index                 cstackBANK0  0000FF
timerSet@value                 cstackBANK1  0001E5
timerUp@index                  cstackCOMRAM 00003F
uart_brg_set@brgh              cstackBANK1  0001EF
uart_brg_set@brgl              cstackBANK1  0001EE
uart_brg_set@com               cstackBANK1  0001ED
uart_brg_set@speed             cstackBANK1  0001E5
wtemp6                         temp         00004A


FUNCTION INFORMATION:

 *************** function _main *****************
 Defined at:
		line 341 in file "picuno.c"
 Parameters:    Size  Location     Type
		None
 Auto vars:     Size  Location     Type
		None
 Return value:  Size  Location     Type
                  1    wreg      void 
 Registers used:
		wreg, fsr0l, fsr0h, fsr2l, fsr2h, status,2, status,0, tblptrl, tblptrh, tblptru, prodl, prodh, cstack
 Tracked objects:
		On entry : 
		On exit  : 
		Unchanged: 
 Data sizes:     COMRAM   BANK0   BANK1   BANK2   BANK3   BANK4   BANK5
      Params:         0       0       0       0       0       0       0
      Locals:         0       0       0       0       0       0       0
      Temps:          0       0       0       0       0       0       0
      Totals:         0       0       0       0       0       0       0
Total ram usage:        0 bytes
 Hardware stack levels required when called:    6
 This function calls:
		_init
		_loop
		_setup
		_sync
		_task
 This function is called by:
		Startup code after reset
 This function uses a non-reentrant model


 *************** function _task *****************
 Defined at:
		line 313 in file "picuno.c"
 Parameters:    Size  Location     Type
		None
 Auto vars:     Size  Location     Type
		None
 Return value:  Size  Location     Type
                  1    wreg      void 
 Registers used:
		None
 Tracked objects:
		On entry : 
		On exit  : 
		Unchanged: 
 Data sizes:     COMRAM   BANK0   BANK1   BANK2   BANK3   BANK4   BANK5
      Params:         0       0       0       0       0       0       0
      Locals:         0       0       0       0       0       0       0
      Temps:          0       0       0       0       0       0       0
      Totals:         0       0       0       0       0       0       0
Total ram usage:        0 bytes
 Hardware stack levels used:    1
 Hardware stack levels required when called:    1
 This function calls:
		Nothing
 This function is called by:
		_main
 This function uses a non-reentrant model


 *************** function _sync *****************
 Defined at:
		line 251 in file "picuno.c"
 Parameters:    Size  Location     Type
		None
 Auto vars:     Size  Location     Type
		None
 Return value:  Size  Location     Type
                  1    wreg      void 
 Registers used:
		None
 Tracked objects:
		On entry : 
		On exit  : 
		Unchanged: 
 Data sizes:     COMRAM   BANK0   BANK1   BANK2   BANK3   BANK4   BANK5
      Params:         0       0       0       0       0       0       0
      Locals:         0       0       0       0       0       0       0
      Temps:          0       0       0       0       0       0       0
      Totals:         0       0       0       0       0       0       0
Total ram usage:        0 bytes
 Hardware stack levels used:    1
 Hardware stack levels required when called:    1
 This function calls:
		Nothing
 This function is called by:
		_main
 This function uses a non-reentrant model


 *************** function _setup *****************
 Defined at:
		line 20 in file "newmain.c"
 Parameters:    Size  Location     Type
		None
 Auto vars:     Size  Location     Type
		None
 Return value:  Size  Location     Type
                  1    wreg      void 
 Registers used:
		wreg, fsr0l, fsr0h, fsr2l, fsr2h, status,2, status,0, tblptrl, tblptrh, tblptru, prodl, prodh, cstack
 Tracked objects:
		On entry : 
		On exit  : 
		Unchanged: 
 Data sizes:     COMRAM   BANK0   BANK1   BANK2   BANK3   BANK4   BANK5
      Params:         0       0       0       0       0       0       0
      Locals:         0       0       0       0       0       0       0
      Temps:          0       0       0       0       0       0       0
      Totals:         0       0       0       0       0       0       0
Total ram usage:        0 bytes
 Hardware stack levels used:    1
 Hardware stack levels required when called:    4
 This function calls:
		_Serial2_begin
		_Serial2_println
		_Serial_begin
		_Serial_println
		_digitalRead
		_pinMode
 This function is called by:
		_main
 This function uses a non-reentrant model


 *************** function _pinMode *****************
 Defined at:
		line 388 in file "picuno.c"
 Parameters:    Size  Location     Type
  pin             1    wreg     unsigned char 
  mode            1   26[COMRAM] unsigned char 
 Auto vars:     Size  Location     Type
  pin             1   27[COMRAM] unsigned char 
 Return value:  Size  Location     Type
                  1    wreg      void 
 Registers used:
		wreg, status,2, status,0, cstack
 Tracked objects:
		On entry : 
		On exit  : 
		Unchanged: 
 Data sizes:     COMRAM   BANK0   BANK1   BANK2   BANK3   BANK4   BANK5
      Params:         1       0       0       0       0       0       0
      Locals:         1       0       0       0       0       0       0
      Temps:          0       0       0       0       0       0       0
      Totals:         2       0       0       0       0       0       0
Total ram usage:        2 bytes
 Hardware stack levels used:    1
 Hardware stack levels required when called:    2
 This function calls:
		_analogInput
 This function is called by:
		_setup
		_keypad_begin34
		_keypad_begin44
		_lcd_init4
		_lcd_init8
		_i2c_init
		_pwm_on
 This function uses a non-reentrant model


 *************** function _analogInput *****************
 Defined at:
		line 360 in file "picuno.c"
 Parameters:    Size  Location     Type
  ANx             1    wreg     unsigned char 
 Auto vars:     Size  Location     Type
  ANx             1   24[COMRAM] unsigned char 
  d               1   25[COMRAM] unsigned char 
 Return value:  Size  Location     Type
                  1    wreg      void 
 Registers used:
		wreg, status,2, status,0
 Tracked objects:
		On entry : 
		On exit  : 
		Unchanged: 
 Data sizes:     COMRAM   BANK0   BANK1   BANK2   BANK3   BANK4   BANK5
      Params:         0       0       0       0       0       0       0
      Locals:         2       0       0       0       0       0       0
      Temps:          2       0       0       0       0       0       0
      Totals:         4       0       0       0       0       0       0
Total ram usage:        4 bytes
 Hardware stack levels used:    1
 Hardware stack levels required when called:    1
 This function calls:
		Nothing
 This function is called by:
		_pinMode
 This function uses a non-reentrant model


 *************** function _digitalRead *****************
 Defined at:
		line 1342 in file "picuno.c"
 Parameters:    Size  Location     Type
  pin             1    wreg     unsigned char 
 Auto vars:     Size  Location     Type
  pin             1   22[COMRAM] unsigned char 
  di              1   23[COMRAM] unsigned char 
 Return value:  Size  Location     Type
                  1    wreg      unsigned char 
 Registers used:
		wreg, status,2, status,0
 Tracked objects:
		On entry : 
		On exit  : 
		Unchanged: 
 Data sizes:     COMRAM   BANK0   BANK1   BANK2   BANK3   BANK4   BANK5
      Params:         0       0       0       0       0       0       0
      Locals:         2       0       0       0       0       0       0
      Temps:          0       0       0       0       0       0       0
      Totals:         2       0       0       0       0       0       0
Total ram usage:        2 bytes
 Hardware stack levels used:    1
 Hardware stack levels required when called:    1
 This function calls:
		Nothing
 This function is called by:
		_setup
		_keypadRead
 This function uses a non-reentrant model


 *************** function _Serial_begin *****************
 Defined at:
		line 1968 in file "picuno.c"
 Parameters:    Size  Location     Type
  speed           4   11[BANK1 ] unsigned long 
 Auto vars:     Size  Location     Type
		None
 Return value:  Size  Location     Type
                  1    wreg      void 
 Registers used:
		wreg, status,2, status,0, cstack
 Tracked objects:
		On entry : 
		On exit  : 
		Unchanged: 
 Data sizes:     COMRAM   BANK0   BANK1   BANK2   BANK3   BANK4   BANK5
      Params:         0       0       4       0       0       0       0
      Locals:         0       0       0       0       0       0       0
      Temps:          0       0       0       0       0       0       0
      Totals:         0       0       4       0       0       0       0
Total ram usage:        4 bytes
 Hardware stack levels used:    1
 Hardware stack levels required when called:    3
 This function calls:
		_uart_brg_set
 This function is called by:
		_setup
 This function uses a non-reentrant model


 *************** function _Serial2_begin *****************
 Defined at:
		line 2151 in file "picuno.c"
 Parameters:    Size  Location     Type
  speed           4   11[BANK1 ] unsigned long 
 Auto vars:     Size  Location     Type
		None
 Return value:  Size  Location     Type
                  1    wreg      void 
 Registers used:
		wreg, status,2, status,0, cstack
 Tracked objects:
		On entry : 
		On exit  : 
		Unchanged: 
 Data sizes:     COMRAM   BANK0   BANK1   BANK2   BANK3   BANK4   BANK5
      Params:         0       0       4       0       0       0       0
      Locals:         0       0       0       0       0       0       0
      Temps:          0       0       0       0       0       0       0
      Totals:         0       0       4       0       0       0       0
Total ram usage:        4 bytes
 Hardware stack levels used:    1
 Hardware stack levels required when called:    3
 This function calls:
		_uart_brg_set
 This function is called by:
		_setup
 This function uses a non-reentrant model


 *************** function _uart_brg_set *****************
 Defined at:
		line 1939 in file "picuno.c"
 Parameters:    Size  Location     Type
  com             1    wreg     unsigned char 
  speed           4    0[BANK1 ] unsigned long 
 Auto vars:     Size  Location     Type
  com             1    8[BANK1 ] unsigned char 
  brgh            1   10[BANK1 ] unsigned char 
  brgl            1    9[BANK1 ] unsigned char 
 Return value:  Size  Location     Type
                  1    wreg      void 
 Registers used:
		wreg, status,2, status,0, cstack
 Tracked objects:
		On entry : 
		On exit  : 
		Unchanged: 
 Data sizes:     COMRAM   BANK0   BANK1   BANK2   BANK3   BANK4   BANK5
      Params:         0       0       4       0       0       0       0
      Locals:         0       0       3       0       0       0       0
      Temps:          0       0       4       0       0       0       0
      Totals:         0       0      11       0       0       0       0
Total ram usage:       11 bytes
 Hardware stack levels used:    1
 Hardware stack levels required when called:    2
 This function calls:
		___lldiv
 This function is called by:
		_Serial_begin
		_Serial2_begin
 This function uses a non-reentrant model


 *************** function _loop *****************
 Defined at:
		line 115 in file "newmain.c"
 Parameters:    Size  Location     Type
		None
 Auto vars:     Size  Location     Type
		None
 Return value:  Size  Location     Type
                  1    wreg      void 
 Registers used:
		wreg, fsr0l, fsr0h, fsr2l, fsr2h, status,2, status,0, tblptrl, tblptrh, tblptru, prodl, prodh, cstack
 Tracked objects:
		On entry : 
		On exit  : 
		Unchanged: 
 Data sizes:     COMRAM   BANK0   BANK1   BANK2   BANK3   BANK4   BANK5
      Params:         0       0       0       0       0       0       0
      Locals:         0       0       0       0       0       0       0
      Temps:          0       0       0       0       0       0       0
      Totals:         0       0       0       0       0       0       0
Total ram usage:        0 bytes
 Hardware stack levels used:    1
 Hardware stack levels required when called:    5
 This function calls:
		_Serial2_available
		_Serial2_putc
		_Serial2_read
		_Serial_available
		_Serial_putc
		_Serial_read
		_cipSend
		_esp8266_chk
		_esp8266_print
		_strcat
		_strcpy
 This function is called by:
		_main
 This function uses a non-reentrant model


 *************** function _esp8266_chk *****************
 Defined at:
		line 76 in file "newmain.c"
 Parameters:    Size  Location     Type
		None
 Auto vars:     Size  Location     Type
  loopHere        1    4[BANK1 ] unsigned char 
 Return value:  Size  Location     Type
                  1    wreg      void 
 Registers used:
		wreg, fsr2l, fsr2h, status,2, status,0, prodl, prodh, cstack
 Tracked objects:
		On entry : 
		On exit  : 
		Unchanged: 
 Data sizes:     COMRAM   BANK0   BANK1   BANK2   BANK3   BANK4   BANK5
      Params:         0       0       0       0       0       0       0
      Locals:         0       0       1       0       0       0       0
      Temps:          0       0       0       0       0       0       0
      Totals:         0       0       1       0       0       0       0
Total ram usage:        1 bytes
 Hardware stack levels used:    1
 Hardware stack levels required when called:    3
 This function calls:
		_Serial2_available
		_Serial2_read
		_Serial_putc
		_timerSet
		_timerUp
 This function is called by:
		_loop
 This function uses a non-reentrant model


 *************** function _timerUp *****************
 Defined at:
		line 298 in file "picuno.c"
 Parameters:    Size  Location     Type
  index           1    wreg     unsigned char 
 Auto vars:     Size  Location     Type
  index           1   24[COMRAM] unsigned char 
 Return value:  Size  Location     Type
                  1    wreg      unsigned char 
 Registers used:
		wreg, fsr2l, fsr2h, status,2, status,0, prodl, prodh
 Tracked objects:
		On entry : 
		On exit  : 
		Unchanged: 
 Data sizes:     COMRAM   BANK0   BANK1   BANK2   BANK3   BANK4   BANK5
      Params:         0       0       0       0       0       0       0
      Locals:         1       0       0       0       0       0       0
      Temps:          2       0       0       0       0       0       0
      Totals:         3       0       0       0       0       0       0
Total ram usage:        3 bytes
 Hardware stack levels used:    1
 Hardware stack levels required when called:    1
 This function calls:
		Nothing
 This function is called by:
		_esp8266_chk
 This function uses a non-reentrant model


 *************** function _Serial2_available *****************
 Defined at:
		line 2170 in file "picuno.c"
 Parameters:    Size  Location     Type
		None
 Auto vars:     Size  Location     Type
		None
 Return value:  Size  Location     Type
                  1    wreg      unsigned char 
 Registers used:
		wreg, status,2
 Tracked objects:
		On entry : 
		On exit  : 
		Unchanged: 
 Data sizes:     COMRAM   BANK0   BANK1   BANK2   BANK3   BANK4   BANK5
      Params:         0       0       0       0       0       0       0
      Locals:         0       0       0       0       0       0       0
      Temps:          0       0       0       0       0       0       0
      Totals:         0       0       0       0       0       0       0
Total ram usage:        0 bytes
 Hardware stack levels used:    1
 Hardware stack levels required when called:    1
 This function calls:
		Nothing
 This function is called by:
		_esp8266_chk
		_loop
 This function uses a non-reentrant model


 *************** function _cipSend *****************
 Defined at:
		line 101 in file "newmain.c"
 Parameters:    Size  Location     Type
  dd              2   13[BANK1 ] PTR unsigned char 
		 -> STR_28(5), STR_27(2), STR_26(1), STR_24(5), 
		 -> pass64(49), userID64(25), STR_19(11), STR_18(19), 
		 -> buf(50), 
 Auto vars:     Size  Location     Type
  len             3   15[BANK1 ] unsigned char [3]
 Return value:  Size  Location     Type
                  1    wreg      void 
 Registers used:
		wreg, fsr0l, fsr0h, fsr2l, fsr2h, status,2, status,0, tblptrl, tblptrh, tblptru, prodl, prodh, cstack
 Tracked objects:
		On entry : 
		On exit  : 
		Unchanged: 
 Data sizes:     COMRAM   BANK0   BANK1   BANK2   BANK3   BANK4   BANK5
      Params:         0       0       2       0       0       0       0
      Locals:         0       0       3       0       0       0       0
      Temps:          0       0       0       0       0       0       0
      Totals:         0       0       5       0       0       0       0
Total ram usage:        5 bytes
 Hardware stack levels used:    1
 Hardware stack levels required when called:    4
 This function calls:
		_Serial2_read
		_delay
		_esp8266_print
		_sprintf
		_strcat
		_strcpy
		_strlen
		_timerBusy
		_timerSet
 This function is called by:
		_loop
 This function uses a non-reentrant model


 *************** function _timerSet *****************
 Defined at:
		line 290 in file "picuno.c"
 Parameters:    Size  Location     Type
  index           1    wreg     unsigned char 
  value           4    0[BANK1 ] unsigned long 
 Auto vars:     Size  Location     Type
  index           1    5[BANK0 ] unsigned char 
 Return value:  Size  Location     Type
                  1    wreg      void 
 Registers used:
		wreg, fsr2l, fsr2h, status,2, status,0, prodl, prodh, cstack
 Tracked objects:
		On entry : 
		On exit  : 
		Unchanged: 
 Data sizes:     COMRAM   BANK0   BANK1   BANK2   BANK3   BANK4   BANK5
      Params:         0       0       4       0       0       0       0
      Locals:         0       1       0       0       0       0       0
      Temps:          0       0       0       0       0       0       0
      Totals:         0       1       4       0       0       0       0
Total ram usage:        5 bytes
 Hardware stack levels used:    1
 Hardware stack levels required when called:    2
 This function calls:
		___lldiv
 This function is called by:
		_esp8266_chk
		_cipSend
 This function uses a non-reentrant model


 *************** function ___lldiv *****************
 Defined at:
		line 8 in file "C:\Program Files (x86)\Microchip\xc8\v1.45\sources\common\lldiv.c"
 Parameters:    Size  Location     Type
  dividend        4   22[COMRAM] unsigned long 
  divisor         4   26[COMRAM] unsigned long 
 Auto vars:     Size  Location     Type
  quotient        4    0[BANK0 ] unsigned long 
  counter         1    4[BANK0 ] unsigned char 
 Return value:  Size  Location     Type
                  4   22[COMRAM] unsigned long 
 Registers used:
		wreg, status,2, status,0
 Tracked objects:
		On entry : 
		On exit  : 
		Unchanged: 
 Data sizes:     COMRAM   BANK0   BANK1   BANK2   BANK3   BANK4   BANK5
      Params:         8       0       0       0       0       0       0
      Locals:         0       5       0       0       0       0       0
      Temps:          0       0       0       0       0       0       0
      Totals:         8       5       0       0       0       0       0
Total ram usage:       13 bytes
 Hardware stack levels used:    1
 Hardware stack levels required when called:    1
 This function calls:
		Nothing
 This function is called by:
		_timerSet
		_uart_brg_set
		_i2c_init
 This function uses a non-reentrant model


 *************** function _timerBusy *****************
 Defined at:
		line 305 in file "picuno.c"
 Parameters:    Size  Location     Type
  index           1    wreg     unsigned char 
 Auto vars:     Size  Location     Type
  index           1   24[COMRAM] unsigned char 
 Return value:  Size  Location     Type
                  1    wreg      unsigned char 
 Registers used:
		wreg, fsr2l, fsr2h, status,2, status,0, prodl, prodh
 Tracked objects:
		On entry : 
		On exit  : 
		Unchanged: 
 Data sizes:     COMRAM   BANK0   BANK1   BANK2   BANK3   BANK4   BANK5
      Params:         0       0       0       0       0       0       0
      Locals:         1       0       0       0       0       0       0
      Temps:          2       0       0       0       0       0       0
      Totals:         3       0       0       0       0       0       0
Total ram usage:        3 bytes
 Hardware stack levels used:    1
 Hardware stack levels required when called:    1
 This function calls:
		Nothing
 This function is called by:
		_cipSend
 This function uses a non-reentrant model


 *************** function _strlen *****************
 Defined at:
		line 4 in file "C:\Program Files (x86)\Microchip\xc8\v1.45\sources\common\strlen.c"
 Parameters:    Size  Location     Type
  s               2   22[COMRAM] PTR const unsigned char 
		 -> STR_28(5), STR_27(2), STR_26(1), STR_24(5), 
		 -> pass64(49), userID64(25), STR_19(11), STR_18(19), 
		 -> buf(50), 
 Auto vars:     Size  Location     Type
  cp              2   26[COMRAM] PTR const unsigned char 
		 -> STR_28(5), STR_27(2), STR_26(1), STR_24(5), 
		 -> pass64(49), userID64(25), STR_19(11), STR_18(19), 
		 -> buf(50), 
 Return value:  Size  Location     Type
                  2   22[COMRAM] unsigned int 
 Registers used:
		wreg, fsr0l, fsr0h, status,2, status,0, tblptrl, tblptrh, tblptru
 Tracked objects:
		On entry : 
		On exit  : 
		Unchanged: 
 Data sizes:     COMRAM   BANK0   BANK1   BANK2   BANK3   BANK4   BANK5
      Params:         2       0       0       0       0       0       0
      Locals:         2       0       0       0       0       0       0
      Temps:          2       0       0       0       0       0       0
      Totals:         6       0       0       0       0       0       0
Total ram usage:        6 bytes
 Hardware stack levels used:    1
 Hardware stack levels required when called:    1
 This function calls:
		Nothing
 This function is called by:
		_cipSend
 This function uses a non-reentrant model


 *************** function _strcpy *****************
 Defined at:
		line 8 in file "C:\Program Files (x86)\Microchip\xc8\v1.45\sources\common\strcpy.c"
 Parameters:    Size  Location     Type
  to              2   22[COMRAM] PTR unsigned char 
		 -> buf(50), temp(50), 
  from            2   24[COMRAM] PTR const unsigned char 
		 -> AT(4), 
 Auto vars:     Size  Location     Type
  cp              2   26[COMRAM] PTR unsigned char 
		 -> buf(50), temp(50), 
 Return value:  Size  Location     Type
                  2   22[COMRAM] PTR unsigned char 
 Registers used:
		wreg, fsr2l, fsr2h, status,2, status,0, tblptrl, tblptrh, tblptru
 Tracked objects:
		On entry : 
		On exit  : 
		Unchanged: 
 Data sizes:     COMRAM   BANK0   BANK1   BANK2   BANK3   BANK4   BANK5
      Params:         4       0       0       0       0       0       0
      Locals:         2       0       0       0       0       0       0
      Temps:          0       0       0       0       0       0       0
      Totals:         6       0       0       0       0       0       0
Total ram usage:        6 bytes
 Hardware stack levels used:    1
 Hardware stack levels required when called:    1
 This function calls:
		Nothing
 This function is called by:
		_cipSend
		_loop
 This function uses a non-reentrant model


 *************** function _strcat *****************
 Defined at:
		line 8 in file "C:\Program Files (x86)\Microchip\xc8\v1.45\sources\common\strcat.c"
 Parameters:    Size  Location     Type
  to              2   22[COMRAM] PTR unsigned char 
		 -> buf(50), temp(50), 
  from            2   24[COMRAM] PTR const unsigned char 
		 -> mailContent(16), subject(18), STR_25(9), STR_23(2), 
		 -> sendTo(24), STR_22(10), STR_21(2), mailFrom(18), 
		 -> STR_20(12), STR_17(3), STR_16(19), STR_15(15), 
		 -> STR_14(9), STR_13(2), STR_12(4), STR_11(8), 
		 -> STR_10(9), STR_8(11), cipSend@len(3), STR_4(5), 
		 -> STR_3(22), STR_2(9), STR_1(4), 
 Auto vars:     Size  Location     Type
  cp              2   26[COMRAM] PTR unsigned char 
		 -> buf(50), temp(50), 
 Return value:  Size  Location     Type
                  2   22[COMRAM] PTR unsigned char 
 Registers used:
		wreg, fsr0l, fsr0h, fsr2l, fsr2h, status,2, status,0, tblptrl, tblptrh, tblptru
 Tracked objects:
		On entry : 
		On exit  : 
		Unchanged: 
 Data sizes:     COMRAM   BANK0   BANK1   BANK2   BANK3   BANK4   BANK5
      Params:         4       0       0       0       0       0       0
      Locals:         2       0       0       0       0       0       0
      Temps:          0       0       0       0       0       0       0
      Totals:         6       0       0       0       0       0       0
Total ram usage:        6 bytes
 Hardware stack levels used:    1
 Hardware stack levels required when called:    1
 This function calls:
		Nothing
 This function is called by:
		_cipSend
		_loop
 This function uses a non-reentrant model


 *************** function _sprintf *****************
 Defined at:
		line 492 in file "C:\Program Files (x86)\Microchip\xc8\v1.45\sources\common\doprnt.c"
 Parameters:    Size  Location     Type
  sp              2    0[BANK1 ] PTR unsigned char 
		 -> cipSend@len(3), 
  f               2    2[BANK1 ] PTR const unsigned char 
		 -> STR_7(3), 
 Auto vars:     Size  Location     Type
  tmpval          4    0        struct .
  cp              3    0        PTR const unsigned char 
  val             2    9[BANK1 ] unsigned int 
  ap              2    7[BANK1 ] PTR void [1]
		 -> ?_sprintf(2), 
  len             2    0        unsigned int 
  c               1   12[BANK1 ] char 
  prec            1   11[BANK1 ] char 
  flag            1    6[BANK1 ] unsigned char 
 Return value:  Size  Location     Type
                  2    0[BANK1 ] int 
 Registers used:
		wreg, fsr2l, fsr2h, status,2, status,0, tblptrl, tblptrh, tblptru, prodl, prodh, cstack
 Tracked objects:
		On entry : 
		On exit  : 
		Unchanged: 
 Data sizes:     COMRAM   BANK0   BANK1   BANK2   BANK3   BANK4   BANK5
      Params:         0       0       6       0       0       0       0
      Locals:         0       0       7       0       0       0       0
      Temps:          0       0       0       0       0       0       0
      Totals:         0       0      13       0       0       0       0
Total ram usage:       13 bytes
 Hardware stack levels used:    1
 Hardware stack levels required when called:    2
 This function calls:
		___lwdiv
		___lwmod
 This function is called by:
		_cipSend
 This function uses a non-reentrant model


 *************** function ___lwmod *****************
 Defined at:
		line 8 in file "C:\Program Files (x86)\Microchip\xc8\v1.45\sources\common\lwmod.c"
 Parameters:    Size  Location     Type
  dividend        2    0[BANK0 ] unsigned int 
  divisor         2    2[BANK0 ] unsigned int 
 Auto vars:     Size  Location     Type
  counter         1   29[COMRAM] unsigned char 
 Return value:  Size  Location     Type
                  2    0[BANK0 ] unsigned int 
 Registers used:
		wreg, status,2, status,0
 Tracked objects:
		On entry : 
		On exit  : 
		Unchanged: 
 Data sizes:     COMRAM   BANK0   BANK1   BANK2   BANK3   BANK4   BANK5
      Params:         0       4       0       0       0       0       0
      Locals:         1       0       0       0       0       0       0
      Temps:          0       0       0       0       0       0       0
      Totals:         1       4       0       0       0       0       0
Total ram usage:        5 bytes
 Hardware stack levels used:    1
 Hardware stack levels required when called:    1
 This function calls:
		Nothing
 This function is called by:
		_sprintf
		_lcd_puti
		_Serial_puti
		_Serial2_puti
 This function uses a non-reentrant model


 *************** function ___lwdiv *****************
 Defined at:
		line 8 in file "C:\Program Files (x86)\Microchip\xc8\v1.45\sources\common\lwdiv.c"
 Parameters:    Size  Location     Type
  dividend        2   22[COMRAM] unsigned int 
  divisor         2   24[COMRAM] unsigned int 
 Auto vars:     Size  Location     Type
  quotient        2   27[COMRAM] unsigned int 
  counter         1   26[COMRAM] unsigned char 
 Return value:  Size  Location     Type
                  2   22[COMRAM] unsigned int 
 Registers used:
		wreg, status,2, status,0
 Tracked objects:
		On entry : 
		On exit  : 
		Unchanged: 
 Data sizes:     COMRAM   BANK0   BANK1   BANK2   BANK3   BANK4   BANK5
      Params:         4       0       0       0       0       0       0
      Locals:         3       0       0       0       0       0       0
      Temps:          0       0       0       0       0       0       0
      Totals:         7       0       0       0       0       0       0
Total ram usage:        7 bytes
 Hardware stack levels used:    1
 Hardware stack levels required when called:    1
 This function calls:
		Nothing
 This function is called by:
		_sprintf
		_lcd_puti
		_Serial_puti
		_Serial2_puti
 This function uses a non-reentrant model


 *************** function _esp8266_print *****************
 Defined at:
		line 29 in file "newmain.c"
 Parameters:    Size  Location     Type
  data            2   26[COMRAM] PTR unsigned char 
		 -> STR_28(5), STR_27(2), STR_26(1), STR_24(5), 
		 -> pass64(49), userID64(25), STR_19(11), STR_18(19), 
		 -> buf(50), STR_9(3), temp(50), 
 Auto vars:     Size  Location     Type
		None
 Return value:  Size  Location     Type
                  1    wreg      void 
 Registers used:
		wreg, fsr0l, fsr0h, fsr2l, fsr2h, status,2, status,0, tblptrl, tblptrh, tblptru, prodl, prodh, cstack
 Tracked objects:
		On entry : 
		On exit  : 
		Unchanged: 
 Data sizes:     COMRAM   BANK0   BANK1   BANK2   BANK3   BANK4   BANK5
      Params:         2       0       0       0       0       0       0
      Locals:         0       0       0       0       0       0       0
      Temps:          0       0       0       0       0       0       0
      Totals:         2       0       0       0       0       0       0
Total ram usage:        2 bytes
 Hardware stack levels used:    1
 Hardware stack levels required when called:    3
 This function calls:
		_Serial2_println
		_Serial_println
 This function is called by:
		_cipSend
		_loop
 This function uses a non-reentrant model


 *************** function _Serial_println *****************
 Defined at:
		line 2063 in file "picuno.c"
 Parameters:    Size  Location     Type
  str             2   24[COMRAM] PTR const unsigned char 
		 -> STR_28(5), STR_27(2), STR_26(1), STR_24(5), 
		 -> pass64(49), userID64(25), STR_19(11), STR_18(19), 
		 -> buf(50), STR_9(3), temp(50), STR_6(19), 
 Auto vars:     Size  Location     Type
		None
 Return value:  Size  Location     Type
                  1    wreg      void 
 Registers used:
		wreg, fsr0l, fsr0h, fsr2l, fsr2h, status,2, status,0, tblptrl, tblptrh, tblptru, prodl, prodh, cstack
 Tracked objects:
		On entry : 
		On exit  : 
		Unchanged: 
 Data sizes:     COMRAM   BANK0   BANK1   BANK2   BANK3   BANK4   BANK5
      Params:         2       0       0       0       0       0       0
      Locals:         0       0       0       0       0       0       0
      Temps:          0       0       0       0       0       0       0
      Totals:         2       0       0       0       0       0       0
Total ram usage:        2 bytes
 Hardware stack levels used:    1
 Hardware stack levels required when called:    2
 This function calls:
		_Serial_putc
 This function is called by:
		_setup
		_esp8266_print
 This function uses a non-reentrant model


 *************** function _Serial_putc *****************
 Defined at:
		line 1997 in file "picuno.c"
 Parameters:    Size  Location     Type
  d               1    wreg     unsigned char 
 Auto vars:     Size  Location     Type
  d               1   23[COMRAM] unsigned char 
  p               1   22[COMRAM] unsigned char 
 Return value:  Size  Location     Type
                  1    wreg      void 
 Registers used:
		wreg, fsr2l, fsr2h, status,2, status,0, prodl, prodh
 Tracked objects:
		On entry : 
		On exit  : 
		Unchanged: 
 Data sizes:     COMRAM   BANK0   BANK1   BANK2   BANK3   BANK4   BANK5
      Params:         0       0       0       0       0       0       0
      Locals:         2       0       0       0       0       0       0
      Temps:          0       0       0       0       0       0       0
      Totals:         2       0       0       0       0       0       0
Total ram usage:        2 bytes
 Hardware stack levels used:    1
 Hardware stack levels required when called:    1
 This function calls:
		Nothing
 This function is called by:
		_esp8266_chk
		_loop
		_Serial_println
		_Serial_crlf
		_Serial_puth
		_Serial_puti
		_Serial_print
		_Serial_write
		_Serial_writeln
 This function uses a non-reentrant model


 *************** function _Serial2_println *****************
 Defined at:
		line 2241 in file "picuno.c"
 Parameters:    Size  Location     Type
  str             2   24[COMRAM] PTR const unsigned char 
		 -> STR_28(5), STR_27(2), STR_26(1), STR_24(5), 
		 -> pass64(49), userID64(25), STR_19(11), STR_18(19), 
		 -> buf(50), STR_9(3), temp(50), STR_5(5), 
 Auto vars:     Size  Location     Type
		None
 Return value:  Size  Location     Type
                  1    wreg      void 
 Registers used:
		wreg, fsr0l, fsr0h, fsr2l, fsr2h, status,2, status,0, tblptrl, tblptrh, tblptru, prodl, prodh, cstack
 Tracked objects:
		On entry : 
		On exit  : 
		Unchanged: 
 Data sizes:     COMRAM   BANK0   BANK1   BANK2   BANK3   BANK4   BANK5
      Params:         2       0       0       0       0       0       0
      Locals:         0       0       0       0       0       0       0
      Temps:          0       0       0       0       0       0       0
      Totals:         2       0       0       0       0       0       0
Total ram usage:        2 bytes
 Hardware stack levels used:    1
 Hardware stack levels required when called:    2
 This function calls:
		_Serial2_putc
 This function is called by:
		_setup
		_esp8266_print
 This function uses a non-reentrant model


 *************** function _Serial2_putc *****************
 Defined at:
		line 2175 in file "picuno.c"
 Parameters:    Size  Location     Type
  d               1    wreg     unsigned char 
 Auto vars:     Size  Location     Type
  d               1   23[COMRAM] unsigned char 
  p               1   22[COMRAM] unsigned char 
 Return value:  Size  Location     Type
                  1    wreg      void 
 Registers used:
		wreg, fsr2l, fsr2h, status,2, status,0, prodl, prodh
 Tracked objects:
		On entry : 
		On exit  : 
		Unchanged: 
 Data sizes:     COMRAM   BANK0   BANK1   BANK2   BANK3   BANK4   BANK5
      Params:         0       0       0       0       0       0       0
      Locals:         2       0       0       0       0       0       0
      Temps:          0       0       0       0       0       0       0
      Totals:         2       0       0       0       0       0       0
Total ram usage:        2 bytes
 Hardware stack levels used:    1
 Hardware stack levels required when called:    1
 This function calls:
		Nothing
 This function is called by:
		_loop
		_Serial2_println
		_Serial2_crlf
		_Serial2_puth
		_Serial2_puti
		_Serial2_print
		_Serial2_write
		_Serial2_writeln
 This function uses a non-reentrant model


 *************** function _delay *****************
 Defined at:
		line 266 in file "picuno.c"
 Parameters:    Size  Location     Type
  ms              2   22[COMRAM] unsigned int 
 Auto vars:     Size  Location     Type
  i               2   24[COMRAM] unsigned int 
 Return value:  Size  Location     Type
                  1    wreg      void 
 Registers used:
		wreg, status,2, status,0
 Tracked objects:
		On entry : 
		On exit  : 
		Unchanged: 
 Data sizes:     COMRAM   BANK0   BANK1   BANK2   BANK3   BANK4   BANK5
      Params:         2       0       0       0       0       0       0
      Locals:         2       0       0       0       0       0       0
      Temps:          0       0       0       0       0       0       0
      Totals:         4       0       0       0       0       0       0
Total ram usage:        4 bytes
 Hardware stack levels used:    1
 Hardware stack levels required when called:    1
 This function calls:
		Nothing
 This function is called by:
		_cipSend
		_lcd_begin
		_blink
 This function uses a non-reentrant model


 *************** function _Serial2_read *****************
 Defined at:
		line 2269 in file "picuno.c"
 Parameters:    Size  Location     Type
		None
 Auto vars:     Size  Location     Type
  d               1   22[COMRAM] unsigned char 
 Return value:  Size  Location     Type
                  1    wreg      unsigned char 
 Registers used:
		wreg, fsr2l, fsr2h, status,2, status,0, prodl, prodh
 Tracked objects:
		On entry : 
		On exit  : 
		Unchanged: 
 Data sizes:     COMRAM   BANK0   BANK1   BANK2   BANK3   BANK4   BANK5
      Params:         0       0       0       0       0       0       0
      Locals:         1       0       0       0       0       0       0
      Temps:          0       0       0       0       0       0       0
      Totals:         1       0       0       0       0       0       0
Total ram usage:        1 bytes
 Hardware stack levels used:    1
 Hardware stack levels required when called:    1
 This function calls:
		Nothing
 This function is called by:
		_esp8266_chk
		_cipSend
		_loop
 This function uses a non-reentrant model


 *************** function _Serial_read *****************
 Defined at:
		line 2091 in file "picuno.c"
 Parameters:    Size  Location     Type
		None
 Auto vars:     Size  Location     Type
  d               1   22[COMRAM] unsigned char 
 Return value:  Size  Location     Type
                  1    wreg      unsigned char 
 Registers used:
		wreg, fsr2l, fsr2h, status,2, status,0, prodl, prodh
 Tracked objects:
		On entry : 
		On exit  : 
		Unchanged: 
 Data sizes:     COMRAM   BANK0   BANK1   BANK2   BANK3   BANK4   BANK5
      Params:         0       0       0       0       0       0       0
      Locals:         1       0       0       0       0       0       0
      Temps:          0       0       0       0       0       0       0
      Totals:         1       0       0       0       0       0       0
Total ram usage:        1 bytes
 Hardware stack levels used:    1
 Hardware stack levels required when called:    1
 This function calls:
		Nothing
 This function is called by:
		_loop
 This function uses a non-reentrant model


 *************** function _Serial_available *****************
 Defined at:
		line 1992 in file "picuno.c"
 Parameters:    Size  Location     Type
		None
 Auto vars:     Size  Location     Type
		None
 Return value:  Size  Location     Type
                  1    wreg      unsigned char 
 Registers used:
		wreg, status,2
 Tracked objects:
		On entry : 
		On exit  : 
		Unchanged: 
 Data sizes:     COMRAM   BANK0   BANK1   BANK2   BANK3   BANK4   BANK5
      Params:         0       0       0       0       0       0       0
      Locals:         0       0       0       0       0       0       0
      Temps:          0       0       0       0       0       0       0
      Totals:         0       0       0       0       0       0       0
Total ram usage:        0 bytes
 Hardware stack levels used:    1
 Hardware stack levels required when called:    1
 This function calls:
		Nothing
 This function is called by:
		_loop
 This function uses a non-reentrant model


 *************** function _init *****************
 Defined at:
		line 167 in file "picuno.c"
 Parameters:    Size  Location     Type
		None
 Auto vars:     Size  Location     Type
  i               1   22[COMRAM] unsigned char 
 Return value:  Size  Location     Type
                  1    wreg      void 
 Registers used:
		wreg, fsr2l, fsr2h, status,2, status,0, prodl, prodh
 Tracked objects:
		On entry : 
		On exit  : 
		Unchanged: 
 Data sizes:     COMRAM   BANK0   BANK1   BANK2   BANK3   BANK4   BANK5
      Params:         0       0       0       0       0       0       0
      Locals:         1       0       0       0       0       0       0
      Temps:          0       0       0       0       0       0       0
      Totals:         1       0       0       0       0       0       0
Total ram usage:        1 bytes
 Hardware stack levels used:    1
 Hardware stack levels required when called:    1
 This function calls:
		Nothing
 This function is called by:
		_main
 This function uses a non-reentrant model


 *************** function _InterruptHandlerHigh *****************
 Defined at:
		line 51 in file "picuno.c"
 Parameters:    Size  Location     Type
		None
 Auto vars:     Size  Location     Type
  dd              2   19[COMRAM] unsigned int 
  i               1   21[COMRAM] unsigned char 
 Return value:  Size  Location     Type
                  1    wreg      void 
 Registers used:
		wreg, fsr2l, fsr2h, status,2, status,0, prodl, prodh
 Tracked objects:
		On entry : 
		On exit  : 
		Unchanged: 
 Data sizes:     COMRAM   BANK0   BANK1   BANK2   BANK3   BANK4   BANK5
      Params:         0       0       0       0       0       0       0
      Locals:         3       0       0       0       0       0       0
      Temps:         19       0       0       0       0       0       0
      Totals:        22       0       0       0       0       0       0
Total ram usage:       22 bytes
 Hardware stack levels used:    1
 This function calls:
		Nothing
 This function is called by:
		Interrupt level 2
 This function uses a non-reentrant model



MODULE INFORMATION

Module		Function		Class		Link	Load	Size
C:\Program Files (x86)\Microchip\xc8\v1.45\sources\common\doprnt.c
		_sprintf       		CODE           	0A9E	0000	297

C:\Program Files (x86)\Microchip\xc8\v1.45\sources\common\doprnt.c estimated size: 297

C:\Program Files (x86)\Microchip\xc8\v1.45\sources\common\lwmod.c
		___lwmod       		CODE           	12D0	0000	69

C:\Program Files (x86)\Microchip\xc8\v1.45\sources\common\lwmod.c estimated size: 69

newmain.c
		_loop          		CODE           	1494	0000	41
		_cipSend       		CODE           	0CE0	0000	199
		_esp8266_chk   		CODE           	0DA6	0000	147
		_esp8266_print 		CODE           	14DE	0000	27
		_setup         		CODE           	10DC	0000	93

newmain.c estimated size: 507

shared
		_userID64      		MEDIUMCONST    	7E00	0000	26
		_dpowers       		MEDIUMCONST    	7DC5	0000	11
		_pass64        		MEDIUMCONST    	7DCF	0000	50
		_subject       		MEDIUMCONST    	7E31	0000	19
		_sendTo        		MEDIUMCONST    	7E19	0000	25
		__initialization		CODE           	0F40	0000	113
		_AT            		MEDIUMCONST    	7E55	0000	5
		_mailFrom      		MEDIUMCONST    	7E43	0000	19

shared estimated size: 268

picuno.c
		_init          		CODE           	0EBC	0000	133
		_delay         		CODE           	1414	0000	45
		_sync          		CODE           	152A	0000	13
		_Serial_read   		CODE           	1350	0000	61
		_Serial_putc   		CODE           	1234	0000	79
		_main          		CODE           	1512	0000	25
		_Serial_begin  		CODE           	1440	0000	43
		_Serial_available		CODE           	153E	0000	5
		_Serial2_read  		CODE           	1314	0000	61
		_Serial2_putc  		CODE           	1282	0000	79
		_Serial2_begin 		CODE           	146A	0000	43
		_Serial2_available		CODE           	153A	0000	5
		_digitalRead   		CODE           	0860	0000	575
		_task          		CODE           	1542	0000	3
		_Serial_println		CODE           	1020	0000	95
		_timerSet      		CODE           	0FBE	0000	99
		_analogInput   		CODE           	14BC	0000	35
		_timerBusy     		CODE           	13E8	0000	45
		_InterruptHandlerHigh		CODE           	0008	0000	705
		_uart_brg_set  		CODE           	0BC6	0000	283
		_timerUp       		CODE           	13BC	0000	45
		_pinMode       		CODE           	02CC	0000	1429
		_Serial2_println		CODE           	107E	0000	95

picuno.c estimated size: 4001

C:\Program Files (x86)\Microchip\xc8\v1.45\sources\common\lwdiv.c
		___lwdiv       		CODE           	11E2	0000	83

C:\Program Files (x86)\Microchip\xc8\v1.45\sources\common\lwdiv.c estimated size: 83

C:\Program Files (x86)\Microchip\xc8\v1.45\sources\common\strcat.c
		_strcat        		CODE           	1138	0000	89

C:\Program Files (x86)\Microchip\xc8\v1.45\sources\common\strcat.c estimated size: 89

C:\Program Files (x86)\Microchip\xc8\v1.45\sources\common\lldiv.c
		___lldiv       		CODE           	0E38	0000	133

C:\Program Files (x86)\Microchip\xc8\v1.45\sources\common\lldiv.c estimated size: 133

C:\Program Files (x86)\Microchip\xc8\v1.45\sources\common\strlen.c
		_strlen        		CODE           	1190	0000	83

C:\Program Files (x86)\Microchip\xc8\v1.45\sources\common\strlen.c estimated size: 83

C:\Program Files (x86)\Microchip\xc8\v1.45\sources\common\strcpy.c
		_strcpy        		CODE           	138C	0000	49

C:\Program Files (x86)\Microchip\xc8\v1.45\sources\common\strcpy.c estimated size: 49

